# ******************************************************************************

# iCEcube Static Timer

# Version:            2020.12.27943

# Build Date:         Dec  9 2020 17:33:20

# File Generated:     May 14 2024 03:00:19

# Purpose:            Timing Report with critical paths info

# Copyright (C) 2006-2010 by Lattice Semiconductor Corp. All rights reserved.

# ******************************************************************************

Device: iCE40HX1K
Derating factors (Best:Typical:Worst) :-  ( 0.563724 : 0.623363 : 0.701346 )
Derating factor used to generate this timing report:  Worst
Based on the following operating conditions 
Junction Temperature(degree Celsius): 85
Core Voltage(V): 1.14
Process Corner:  Worst
NOTE:
Please check both worst-case and best-case scenarios for "Setup Times" 
and "Hold Times" checks
Maximum Operating Frequency is: N/A


 #####################################################################
                    3::Datasheet Report

All values are in Picoseconds
 =====================================================================

                        3.1::Setup Times
                        ----------------

Data Port  Clock Port  Setup Times  Clock Reference:Phase  
---------  ----------  -----------  ---------------------  


                       3.2::Clock to Out
                       -----------------

Data Port  Clock Port  Clock to Out  Clock Reference:Phase  
---------  ----------  ------------  ---------------------  


                         3.3::Pad to Pad
                         ---------------

Port Name (Input)  Port Name (Output)  Pad to Pad  
-----------------  ------------------  ----------  
i_Switch_1         o_LED_1             8139        
i_Switch_2         o_LED_2             7732        
i_Switch_3         o_LED_3             8524        
i_Switch_4         o_LED_4             8875        


                         3.4::Hold Times
                         ---------------

Data Port  Clock Port  Hold Times  Clock Reference:Phase  
---------  ----------  ----------  ---------------------  


               3.5::Minimum Clock to Out
               -------------------------

Data Port  Clock Port  Minimum Clock to Out  Clock Reference:Phase  
---------  ----------  --------------------  ---------------------  


                 3.6::Minimum Pad To Pad
                 -----------------------

Port Name (Input)  Port Name (Output)  Minimum Pad To Pad  
-----------------  ------------------  ------------------  
i_Switch_1         o_LED_1             7452                
i_Switch_2         o_LED_2             7017                
i_Switch_3         o_LED_3             7837                
i_Switch_4         o_LED_4             8209                

 =====================================================================
                    End of Datasheet Report
 #####################################################################

 #####################################################################
                    6::Path Details for DataSheet
 =====================================================================


6.3::PI to PO Path Details              
--------------------------------------------------

6.3.1::Path details for port: o_LED_1   
--------------------------------------------------

++++ Path 1 ++++++++++++++++++++++++++++++++++++++++++++++++++++++++++

Output Port      : o_LED_1
Input Port       : i_Switch_1
Pad to Pad Delay : 8139

Pad to Pad Path
pin name                             model name                 delay  cummulative delay  edge  Fanout  
-----------------------------------  -------------------------  -----  -----------------  ----  ------  
i_Switch_1                           Switches_to_LEDs           0      0                  RISE  1       
i_Switch_1_ibuf_iopad/PACKAGEPIN:in  IO_PAD                     0      0                  RISE  1       
i_Switch_1_ibuf_iopad/DOUT           IO_PAD                     510    510                RISE  1       
i_Switch_1_ibuf_preio/PADIN          PRE_IO_PIN_TYPE_000001     0      510                RISE  1       
i_Switch_1_ibuf_preio/DIN0           PRE_IO_PIN_TYPE_000001     617    1127               RISE  1       
I__47/I                              LocalMux                   0      1127               RISE  1       
I__47/O                              LocalMux                   330    1457               RISE  1       
I__48/I                              InMux                      0      1457               RISE  1       
I__48/O                              InMux                      259    1716               RISE  1       
o_LED_1_obuf_RNO_LC_12_8_0/in3       LogicCell40_SEQ_MODE_0000  0      1716               RISE  1       
o_LED_1_obuf_RNO_LC_12_8_0/lcout     LogicCell40_SEQ_MODE_0000  316    2032               RISE  1       
I__41/I                              Odrv4                      0      2032               RISE  1       
I__41/O                              Odrv4                      351    2383               RISE  1       
I__42/I                              Span4Mux_v                 0      2383               RISE  1       
I__42/O                              Span4Mux_v                 351    2733               RISE  1       
I__43/I                              Span4Mux_s2_h              0      2733               RISE  1       
I__43/O                              Span4Mux_s2_h              203    2937               RISE  1       
I__44/I                              IoSpan4Mux                 0      2937               RISE  1       
I__44/O                              IoSpan4Mux                 288    3224               RISE  1       
I__45/I                              LocalMux                   0      3224               RISE  1       
I__45/O                              LocalMux                   330    3554               RISE  1       
I__46/I                              IoInMux                    0      3554               RISE  1       
I__46/O                              IoInMux                    259    3813               RISE  1       
o_LED_1_obuf_preio/DOUT0             PRE_IO_PIN_TYPE_011001     0      3813               RISE  1       
o_LED_1_obuf_preio/PADOUT            PRE_IO_PIN_TYPE_011001     2237   6051               FALL  1       
o_LED_1_obuf_iopad/DIN               IO_PAD                     0      6051               FALL  1       
o_LED_1_obuf_iopad/PACKAGEPIN:out    IO_PAD                     2088   8139               FALL  1       
o_LED_1                              Switches_to_LEDs           0      8139               FALL  1       

6.3.2::Path details for port: o_LED_2   
--------------------------------------------------

++++ Path 1 ++++++++++++++++++++++++++++++++++++++++++++++++++++++++++

Output Port      : o_LED_2
Input Port       : i_Switch_2
Pad to Pad Delay : 7732

Pad to Pad Path
pin name                             model name                 delay  cummulative delay  edge  Fanout  
-----------------------------------  -------------------------  -----  -----------------  ----  ------  
i_Switch_2                           Switches_to_LEDs           0      0                  RISE  1       
i_Switch_2_ibuf_iopad/PACKAGEPIN:in  IO_PAD                     0      0                  RISE  1       
i_Switch_2_ibuf_iopad/DOUT           IO_PAD                     510    510                RISE  1       
i_Switch_2_ibuf_preio/PADIN          PRE_IO_PIN_TYPE_000001     0      510                RISE  1       
i_Switch_2_ibuf_preio/DIN0           PRE_IO_PIN_TYPE_000001     617    1127               RISE  1       
I__39/I                              LocalMux                   0      1127               RISE  1       
I__39/O                              LocalMux                   330    1457               RISE  1       
I__40/I                              InMux                      0      1457               RISE  1       
I__40/O                              InMux                      259    1716               RISE  1       
o_LED_2_obuf_RNO_LC_12_8_1/in3       LogicCell40_SEQ_MODE_0000  0      1716               RISE  1       
o_LED_2_obuf_RNO_LC_12_8_1/lcout     LogicCell40_SEQ_MODE_0000  316    2032               RISE  1       
I__34/I                              Odrv4                      0      2032               RISE  1       
I__34/O                              Odrv4                      351    2383               RISE  1       
I__35/I                              Span4Mux_s0_h              0      2383               RISE  1       
I__35/O                              Span4Mux_s0_h              147    2530               RISE  1       
I__36/I                              IoSpan4Mux                 0      2530               RISE  1       
I__36/O                              IoSpan4Mux                 288    2817               RISE  1       
I__37/I                              LocalMux                   0      2817               RISE  1       
I__37/O                              LocalMux                   330    3147               RISE  1       
I__38/I                              IoInMux                    0      3147               RISE  1       
I__38/O                              IoInMux                    259    3407               RISE  1       
o_LED_2_obuf_preio/DOUT0             PRE_IO_PIN_TYPE_011001     0      3407               RISE  1       
o_LED_2_obuf_preio/PADOUT            PRE_IO_PIN_TYPE_011001     2237   5644               FALL  1       
o_LED_2_obuf_iopad/DIN               IO_PAD                     0      5644               FALL  1       
o_LED_2_obuf_iopad/PACKAGEPIN:out    IO_PAD                     2088   7732               FALL  1       
o_LED_2                              Switches_to_LEDs           0      7732               FALL  1       

6.3.3::Path details for port: o_LED_3   
--------------------------------------------------

++++ Path 1 ++++++++++++++++++++++++++++++++++++++++++++++++++++++++++

Output Port      : o_LED_3
Input Port       : i_Switch_3
Pad to Pad Delay : 8524

Pad to Pad Path
pin name                             model name                 delay  cummulative delay  edge  Fanout  
-----------------------------------  -------------------------  -----  -----------------  ----  ------  
i_Switch_3                           Switches_to_LEDs           0      0                  RISE  1       
i_Switch_3_ibuf_iopad/PACKAGEPIN:in  IO_PAD                     0      0                  RISE  1       
i_Switch_3_ibuf_iopad/DOUT           IO_PAD                     510    510                RISE  1       
i_Switch_3_ibuf_preio/PADIN          PRE_IO_PIN_TYPE_000001     0      510                RISE  1       
i_Switch_3_ibuf_preio/DIN0           PRE_IO_PIN_TYPE_000001     617    1127               RISE  1       
I__30/I                              Odrv4                      0      1127               RISE  1       
I__30/O                              Odrv4                      351    1478               RISE  1       
I__31/I                              Span4Mux_v                 0      1478               RISE  1       
I__31/O                              Span4Mux_v                 351    1829               RISE  1       
I__32/I                              LocalMux                   0      1829               RISE  1       
I__32/O                              LocalMux                   330    2158               RISE  1       
I__33/I                              InMux                      0      2158               RISE  1       
I__33/O                              InMux                      259    2418               RISE  1       
o_LED_3_obuf_RNO_LC_12_8_2/in3       LogicCell40_SEQ_MODE_0000  0      2418               RISE  1       
o_LED_3_obuf_RNO_LC_12_8_2/lcout     LogicCell40_SEQ_MODE_0000  316    2733               RISE  1       
I__25/I                              Odrv4                      0      2733               RISE  1       
I__25/O                              Odrv4                      351    3084               RISE  1       
I__26/I                              Span4Mux_v                 0      3084               RISE  1       
I__26/O                              Span4Mux_v                 351    3435               RISE  1       
I__27/I                              Span4Mux_s1_h              0      3435               RISE  1       
I__27/O                              Span4Mux_s1_h              175    3610               RISE  1       
I__28/I                              LocalMux                   0      3610               RISE  1       
I__28/O                              LocalMux                   330    3940               RISE  1       
I__29/I                              IoInMux                    0      3940               RISE  1       
I__29/O                              IoInMux                    259    4199               RISE  1       
o_LED_3_obuf_preio/DOUT0             PRE_IO_PIN_TYPE_011001     0      4199               RISE  1       
o_LED_3_obuf_preio/PADOUT            PRE_IO_PIN_TYPE_011001     2237   6436               FALL  1       
o_LED_3_obuf_iopad/DIN               IO_PAD                     0      6436               FALL  1       
o_LED_3_obuf_iopad/PACKAGEPIN:out    IO_PAD                     2088   8524               FALL  1       
o_LED_3                              Switches_to_LEDs           0      8524               FALL  1       

6.3.4::Path details for port: o_LED_4   
--------------------------------------------------

++++ Path 1 ++++++++++++++++++++++++++++++++++++++++++++++++++++++++++

Output Port      : o_LED_4
Input Port       : i_Switch_4
Pad to Pad Delay : 8875

Pad to Pad Path
pin name                             model name                 delay  cummulative delay  edge  Fanout  
-----------------------------------  -------------------------  -----  -----------------  ----  ------  
i_Switch_4                           Switches_to_LEDs           0      0                  RISE  1       
i_Switch_4_ibuf_iopad/PACKAGEPIN:in  IO_PAD                     0      0                  RISE  1       
i_Switch_4_ibuf_iopad/DOUT           IO_PAD                     510    510                RISE  1       
i_Switch_4_ibuf_preio/PADIN          PRE_IO_PIN_TYPE_000001     0      510                RISE  1       
i_Switch_4_ibuf_preio/DIN0           PRE_IO_PIN_TYPE_000001     617    1127               RISE  1       
I__20/I                              Odrv4                      0      1127               RISE  1       
I__20/O                              Odrv4                      351    1478               RISE  1       
I__21/I                              Span4Mux_v                 0      1478               RISE  1       
I__21/O                              Span4Mux_v                 351    1829               RISE  1       
I__22/I                              Span4Mux_v                 0      1829               RISE  1       
I__22/O                              Span4Mux_v                 351    2179               RISE  1       
I__23/I                              LocalMux                   0      2179               RISE  1       
I__23/O                              LocalMux                   330    2509               RISE  1       
I__24/I                              InMux                      0      2509               RISE  1       
I__24/O                              InMux                      259    2768               RISE  1       
o_LED_4_obuf_RNO_LC_12_8_3/in3       LogicCell40_SEQ_MODE_0000  0      2768               RISE  1       
o_LED_4_obuf_RNO_LC_12_8_3/lcout     LogicCell40_SEQ_MODE_0000  316    3084               RISE  1       
I__15/I                              Odrv4                      0      3084               RISE  1       
I__15/O                              Odrv4                      351    3435               RISE  1       
I__16/I                              Span4Mux_v                 0      3435               RISE  1       
I__16/O                              Span4Mux_v                 351    3785               RISE  1       
I__17/I                              Span4Mux_s1_h              0      3785               RISE  1       
I__17/O                              Span4Mux_s1_h              175    3961               RISE  1       
I__18/I                              LocalMux                   0      3961               RISE  1       
I__18/O                              LocalMux                   330    4290               RISE  1       
I__19/I                              IoInMux                    0      4290               RISE  1       
I__19/O                              IoInMux                    259    4550               RISE  1       
o_LED_4_obuf_preio/DOUT0             PRE_IO_PIN_TYPE_011001     0      4550               RISE  1       
o_LED_4_obuf_preio/PADOUT            PRE_IO_PIN_TYPE_011001     2237   6787               FALL  1       
o_LED_4_obuf_iopad/DIN               IO_PAD                     0      6787               FALL  1       
o_LED_4_obuf_iopad/PACKAGEPIN:out    IO_PAD                     2088   8875               FALL  1       
o_LED_4                              Switches_to_LEDs           0      8875               FALL  1       

6.6::Min PI to PO Path Details          
--------------------------------------------------

6.6.1::Path details for port: o_LED_1   
--------------------------------------------------

++++ Path 1 ++++++++++++++++++++++++++++++++++++++++++++++++++++++++++

Output Port      : o_LED_1
Input Port       : i_Switch_1
Pad to Pad Delay : 7452

Pad to Pad Path
pin name                             model name                 delay  cummulative delay  edge  Fanout  
-----------------------------------  -------------------------  -----  -----------------  ----  ------  
i_Switch_1                           Switches_to_LEDs           0      0                  FALL  1       
i_Switch_1_ibuf_iopad/PACKAGEPIN:in  IO_PAD                     0      0                  FALL  1       
i_Switch_1_ibuf_iopad/DOUT           IO_PAD                     460    460                FALL  1       
i_Switch_1_ibuf_preio/PADIN          PRE_IO_PIN_TYPE_000001     0      460                FALL  1       
i_Switch_1_ibuf_preio/DIN0           PRE_IO_PIN_TYPE_000001     463    923                FALL  1       
I__47/I                              LocalMux                   0      923                FALL  1       
I__47/O                              LocalMux                   309    1231               FALL  1       
I__48/I                              InMux                      0      1231               FALL  1       
I__48/O                              InMux                      217    1449               FALL  1       
o_LED_1_obuf_RNO_LC_12_8_0/in3       LogicCell40_SEQ_MODE_0000  0      1449               FALL  1       
o_LED_1_obuf_RNO_LC_12_8_0/lcout     LogicCell40_SEQ_MODE_0000  288    1736               FALL  1       
I__41/I                              Odrv4                      0      1736               FALL  1       
I__41/O                              Odrv4                      372    2108               FALL  1       
I__42/I                              Span4Mux_v                 0      2108               FALL  1       
I__42/O                              Span4Mux_v                 372    2480               FALL  1       
I__43/I                              Span4Mux_s2_h              0      2480               FALL  1       
I__43/O                              Span4Mux_s2_h              203    2683               FALL  1       
I__44/I                              IoSpan4Mux                 0      2683               FALL  1       
I__44/O                              IoSpan4Mux                 323    3006               FALL  1       
I__45/I                              LocalMux                   0      3006               FALL  1       
I__45/O                              LocalMux                   309    3314               FALL  1       
I__46/I                              IoInMux                    0      3314               FALL  1       
I__46/O                              IoInMux                    217    3532               FALL  1       
o_LED_1_obuf_preio/DOUT0             PRE_IO_PIN_TYPE_011001     0      3532               FALL  1       
o_LED_1_obuf_preio/PADOUT            PRE_IO_PIN_TYPE_011001     2006   5538               RISE  1       
o_LED_1_obuf_iopad/DIN               IO_PAD                     0      5538               RISE  1       
o_LED_1_obuf_iopad/PACKAGEPIN:out    IO_PAD                     1914   7452               RISE  1       
o_LED_1                              Switches_to_LEDs           0      7452               RISE  1       

6.6.2::Path details for port: o_LED_2   
--------------------------------------------------

++++ Path 1 ++++++++++++++++++++++++++++++++++++++++++++++++++++++++++

Output Port      : o_LED_2
Input Port       : i_Switch_2
Pad to Pad Delay : 7017

Pad to Pad Path
pin name                             model name                 delay  cummulative delay  edge  Fanout  
-----------------------------------  -------------------------  -----  -----------------  ----  ------  
i_Switch_2                           Switches_to_LEDs           0      0                  FALL  1       
i_Switch_2_ibuf_iopad/PACKAGEPIN:in  IO_PAD                     0      0                  FALL  1       
i_Switch_2_ibuf_iopad/DOUT           IO_PAD                     460    460                FALL  1       
i_Switch_2_ibuf_preio/PADIN          PRE_IO_PIN_TYPE_000001     0      460                FALL  1       
i_Switch_2_ibuf_preio/DIN0           PRE_IO_PIN_TYPE_000001     463    923                FALL  1       
I__39/I                              LocalMux                   0      923                FALL  1       
I__39/O                              LocalMux                   309    1231               FALL  1       
I__40/I                              InMux                      0      1231               FALL  1       
I__40/O                              InMux                      217    1449               FALL  1       
o_LED_2_obuf_RNO_LC_12_8_1/in3       LogicCell40_SEQ_MODE_0000  0      1449               FALL  1       
o_LED_2_obuf_RNO_LC_12_8_1/lcout     LogicCell40_SEQ_MODE_0000  288    1736               FALL  1       
I__34/I                              Odrv4                      0      1736               FALL  1       
I__34/O                              Odrv4                      372    2108               FALL  1       
I__35/I                              Span4Mux_s0_h              0      2108               FALL  1       
I__35/O                              Span4Mux_s0_h              140    2248               FALL  1       
I__36/I                              IoSpan4Mux                 0      2248               FALL  1       
I__36/O                              IoSpan4Mux                 323    2571               FALL  1       
I__37/I                              LocalMux                   0      2571               FALL  1       
I__37/O                              LocalMux                   309    2880               FALL  1       
I__38/I                              IoInMux                    0      2880               FALL  1       
I__38/O                              IoInMux                    217    3097               FALL  1       
o_LED_2_obuf_preio/DOUT0             PRE_IO_PIN_TYPE_011001     0      3097               FALL  1       
o_LED_2_obuf_preio/PADOUT            PRE_IO_PIN_TYPE_011001     2006   5103               RISE  1       
o_LED_2_obuf_iopad/DIN               IO_PAD                     0      5103               RISE  1       
o_LED_2_obuf_iopad/PACKAGEPIN:out    IO_PAD                     1914   7017               RISE  1       
o_LED_2                              Switches_to_LEDs           0      7017               RISE  1       

6.6.3::Path details for port: o_LED_3   
--------------------------------------------------

++++ Path 1 ++++++++++++++++++++++++++++++++++++++++++++++++++++++++++

Output Port      : o_LED_3
Input Port       : i_Switch_3
Pad to Pad Delay : 7837

Pad to Pad Path
pin name                             model name                 delay  cummulative delay  edge  Fanout  
-----------------------------------  -------------------------  -----  -----------------  ----  ------  
i_Switch_3                           Switches_to_LEDs           0      0                  FALL  1       
i_Switch_3_ibuf_iopad/PACKAGEPIN:in  IO_PAD                     0      0                  FALL  1       
i_Switch_3_ibuf_iopad/DOUT           IO_PAD                     460    460                FALL  1       
i_Switch_3_ibuf_preio/PADIN          PRE_IO_PIN_TYPE_000001     0      460                FALL  1       
i_Switch_3_ibuf_preio/DIN0           PRE_IO_PIN_TYPE_000001     463    923                FALL  1       
I__30/I                              Odrv4                      0      923                FALL  1       
I__30/O                              Odrv4                      372    1295               FALL  1       
I__31/I                              Span4Mux_v                 0      1295               FALL  1       
I__31/O                              Span4Mux_v                 372    1666               FALL  1       
I__32/I                              LocalMux                   0      1666               FALL  1       
I__32/O                              LocalMux                   309    1975               FALL  1       
I__33/I                              InMux                      0      1975               FALL  1       
I__33/O                              InMux                      217    2192               FALL  1       
o_LED_3_obuf_RNO_LC_12_8_2/in3       LogicCell40_SEQ_MODE_0000  0      2192               FALL  1       
o_LED_3_obuf_RNO_LC_12_8_2/lcout     LogicCell40_SEQ_MODE_0000  288    2480               FALL  1       
I__25/I                              Odrv4                      0      2480               FALL  1       
I__25/O                              Odrv4                      372    2852               FALL  1       
I__26/I                              Span4Mux_v                 0      2852               FALL  1       
I__26/O                              Span4Mux_v                 372    3223               FALL  1       
I__27/I                              Span4Mux_s1_h              0      3223               FALL  1       
I__27/O                              Span4Mux_s1_h              168    3392               FALL  1       
I__28/I                              LocalMux                   0      3392               FALL  1       
I__28/O                              LocalMux                   309    3700               FALL  1       
I__29/I                              IoInMux                    0      3700               FALL  1       
I__29/O                              IoInMux                    217    3918               FALL  1       
o_LED_3_obuf_preio/DOUT0             PRE_IO_PIN_TYPE_011001     0      3918               FALL  1       
o_LED_3_obuf_preio/PADOUT            PRE_IO_PIN_TYPE_011001     2006   5923               RISE  1       
o_LED_3_obuf_iopad/DIN               IO_PAD                     0      5923               RISE  1       
o_LED_3_obuf_iopad/PACKAGEPIN:out    IO_PAD                     1914   7837               RISE  1       
o_LED_3                              Switches_to_LEDs           0      7837               RISE  1       

6.6.4::Path details for port: o_LED_4   
--------------------------------------------------

++++ Path 1 ++++++++++++++++++++++++++++++++++++++++++++++++++++++++++

Output Port      : o_LED_4
Input Port       : i_Switch_4
Pad to Pad Delay : 8209

Pad to Pad Path
pin name                             model name                 delay  cummulative delay  edge  Fanout  
-----------------------------------  -------------------------  -----  -----------------  ----  ------  
i_Switch_4                           Switches_to_LEDs           0      0                  FALL  1       
i_Switch_4_ibuf_iopad/PACKAGEPIN:in  IO_PAD                     0      0                  FALL  1       
i_Switch_4_ibuf_iopad/DOUT           IO_PAD                     460    460                FALL  1       
i_Switch_4_ibuf_preio/PADIN          PRE_IO_PIN_TYPE_000001     0      460                FALL  1       
i_Switch_4_ibuf_preio/DIN0           PRE_IO_PIN_TYPE_000001     463    923                FALL  1       
I__20/I                              Odrv4                      0      923                FALL  1       
I__20/O                              Odrv4                      372    1295               FALL  1       
I__21/I                              Span4Mux_v                 0      1295               FALL  1       
I__21/O                              Span4Mux_v                 372    1666               FALL  1       
I__22/I                              Span4Mux_v                 0      1666               FALL  1       
I__22/O                              Span4Mux_v                 372    2038               FALL  1       
I__23/I                              LocalMux                   0      2038               FALL  1       
I__23/O                              LocalMux                   309    2347               FALL  1       
I__24/I                              InMux                      0      2347               FALL  1       
I__24/O                              InMux                      217    2564               FALL  1       
o_LED_4_obuf_RNO_LC_12_8_3/in3       LogicCell40_SEQ_MODE_0000  0      2564               FALL  1       
o_LED_4_obuf_RNO_LC_12_8_3/lcout     LogicCell40_SEQ_MODE_0000  288    2852               FALL  1       
I__15/I                              Odrv4                      0      2852               FALL  1       
I__15/O                              Odrv4                      372    3223               FALL  1       
I__16/I                              Span4Mux_v                 0      3223               FALL  1       
I__16/O                              Span4Mux_v                 372    3595               FALL  1       
I__17/I                              Span4Mux_s1_h              0      3595               FALL  1       
I__17/O                              Span4Mux_s1_h              168    3763               FALL  1       
I__18/I                              LocalMux                   0      3763               FALL  1       
I__18/O                              LocalMux                   309    4072               FALL  1       
I__19/I                              IoInMux                    0      4072               FALL  1       
I__19/O                              IoInMux                    217    4289               FALL  1       
o_LED_4_obuf_preio/DOUT0             PRE_IO_PIN_TYPE_011001     0      4289               FALL  1       
o_LED_4_obuf_preio/PADOUT            PRE_IO_PIN_TYPE_011001     2006   6295               RISE  1       
o_LED_4_obuf_iopad/DIN               IO_PAD                     0      6295               RISE  1       
o_LED_4_obuf_iopad/PACKAGEPIN:out    IO_PAD                     1914   8209               RISE  1       
o_LED_4                              Switches_to_LEDs           0      8209               RISE  1       


 =====================================================================
                    End of Path Details for Datasheet
 #####################################################################

##################################################################### 
                    Detailed Setup Report for all timing paths 
===================================================================== 

++++ Path 1 ++++++++++++++++++++++++++++++++++++++++++++++++++++++++++ 

Path Begin       : i_Switch_1
Path End         : o_LED_1
Setup Constraint : +INF
Path slack       : +INF

End-of-path required time (ps)           +INF

Launch Clock Arrival Time (DEFAULT:R#0)      0
+ Launch Clock Source Latency                0
+ Input Delay                                0
+ Data Path Delay                         7907
---------------------------------------   ---- 
End-of-path arrival time (ps)             7907
 
Data path
pin name                             model name                 delay  cumulative delay  slack  edge  Fanout
-----------------------------------  -------------------------  -----  ----------------  -----  ----  ------
i_Switch_1                           Switches_to_LEDs               0                 0   +INF  RISE       1
i_Switch_1_ibuf_iopad/PACKAGEPIN:in  IO_PAD                         0                 0   +INF  RISE       1
i_Switch_1_ibuf_iopad/DOUT           IO_PAD                       510               510   +INF  RISE       1
i_Switch_1_ibuf_preio/PADIN          PRE_IO_PIN_TYPE_000001         0               510   +INF  RISE       1
i_Switch_1_ibuf_preio/DIN0           PRE_IO_PIN_TYPE_000001       463               973   +INF  FALL       1
I__47/I                              LocalMux                       0               973   +INF  FALL       1
I__47/O                              LocalMux                     309              1281   +INF  FALL       1
I__48/I                              InMux                          0              1281   +INF  FALL       1
I__48/O                              InMux                        217              1499   +INF  FALL       1
o_LED_1_obuf_RNO_LC_12_8_0/in3       LogicCell40_SEQ_MODE_0000      0              1499   +INF  FALL       1
o_LED_1_obuf_RNO_LC_12_8_0/lcout     LogicCell40_SEQ_MODE_0000    288              1786   +INF  FALL       1
I__41/I                              Odrv4                          0              1786   +INF  FALL       1
I__41/O                              Odrv4                        372              2158   +INF  FALL       1
I__42/I                              Span4Mux_v                     0              2158   +INF  FALL       1
I__42/O                              Span4Mux_v                   372              2530   +INF  FALL       1
I__43/I                              Span4Mux_s2_h                  0              2530   +INF  FALL       1
I__43/O                              Span4Mux_s2_h                203              2733   +INF  FALL       1
I__44/I                              IoSpan4Mux                     0              2733   +INF  FALL       1
I__44/O                              IoSpan4Mux                   323              3056   +INF  FALL       1
I__45/I                              LocalMux                       0              3056   +INF  FALL       1
I__45/O                              LocalMux                     309              3364   +INF  FALL       1
I__46/I                              IoInMux                        0              3364   +INF  FALL       1
I__46/O                              IoInMux                      217              3582   +INF  FALL       1
o_LED_1_obuf_preio/DOUT0             PRE_IO_PIN_TYPE_011001         0              3582   +INF  FALL       1
o_LED_1_obuf_preio/PADOUT            PRE_IO_PIN_TYPE_011001      2237              5819   +INF  FALL       1
o_LED_1_obuf_iopad/DIN               IO_PAD                         0              5819   +INF  FALL       1
o_LED_1_obuf_iopad/PACKAGEPIN:out    IO_PAD                      2088              7907   +INF  FALL       1
o_LED_1                              Switches_to_LEDs               0              7907   +INF  FALL       1


++++ Path 2 ++++++++++++++++++++++++++++++++++++++++++++++++++++++++++ 

Path Begin       : i_Switch_3
Path End         : o_LED_3
Setup Constraint : +INF
Path slack       : +INF

End-of-path required time (ps)           +INF

Launch Clock Arrival Time (DEFAULT:R#0)      0
+ Launch Clock Source Latency                0
+ Input Delay                                0
+ Data Path Delay                         8293
---------------------------------------   ---- 
End-of-path arrival time (ps)             8293
 
Data path
pin name                             model name                 delay  cumulative delay  slack  edge  Fanout
-----------------------------------  -------------------------  -----  ----------------  -----  ----  ------
i_Switch_3                           Switches_to_LEDs               0                 0   +INF  RISE       1
i_Switch_3_ibuf_iopad/PACKAGEPIN:in  IO_PAD                         0                 0   +INF  RISE       1
i_Switch_3_ibuf_iopad/DOUT           IO_PAD                       510               510   +INF  RISE       1
i_Switch_3_ibuf_preio/PADIN          PRE_IO_PIN_TYPE_000001         0               510   +INF  RISE       1
i_Switch_3_ibuf_preio/DIN0           PRE_IO_PIN_TYPE_000001       463               973   +INF  FALL       1
I__30/I                              Odrv4                          0               973   +INF  FALL       1
I__30/O                              Odrv4                        372              1345   +INF  FALL       1
I__31/I                              Span4Mux_v                     0              1345   +INF  FALL       1
I__31/O                              Span4Mux_v                   372              1716   +INF  FALL       1
I__32/I                              LocalMux                       0              1716   +INF  FALL       1
I__32/O                              LocalMux                     309              2025   +INF  FALL       1
I__33/I                              InMux                          0              2025   +INF  FALL       1
I__33/O                              InMux                        217              2242   +INF  FALL       1
o_LED_3_obuf_RNO_LC_12_8_2/in3       LogicCell40_SEQ_MODE_0000      0              2242   +INF  FALL       1
o_LED_3_obuf_RNO_LC_12_8_2/lcout     LogicCell40_SEQ_MODE_0000    288              2530   +INF  FALL       1
I__25/I                              Odrv4                          0              2530   +INF  FALL       1
I__25/O                              Odrv4                        372              2902   +INF  FALL       1
I__26/I                              Span4Mux_v                     0              2902   +INF  FALL       1
I__26/O                              Span4Mux_v                   372              3273   +INF  FALL       1
I__27/I                              Span4Mux_s1_h                  0              3273   +INF  FALL       1
I__27/O                              Span4Mux_s1_h                168              3442   +INF  FALL       1
I__28/I                              LocalMux                       0              3442   +INF  FALL       1
I__28/O                              LocalMux                     309              3750   +INF  FALL       1
I__29/I                              IoInMux                        0              3750   +INF  FALL       1
I__29/O                              IoInMux                      217              3968   +INF  FALL       1
o_LED_3_obuf_preio/DOUT0             PRE_IO_PIN_TYPE_011001         0              3968   +INF  FALL       1
o_LED_3_obuf_preio/PADOUT            PRE_IO_PIN_TYPE_011001      2237              6205   +INF  FALL       1
o_LED_3_obuf_iopad/DIN               IO_PAD                         0              6205   +INF  FALL       1
o_LED_3_obuf_iopad/PACKAGEPIN:out    IO_PAD                      2088              8293   +INF  FALL       1
o_LED_3                              Switches_to_LEDs               0              8293   +INF  FALL       1


++++ Path 3 ++++++++++++++++++++++++++++++++++++++++++++++++++++++++++ 

Path Begin       : i_Switch_2
Path End         : o_LED_2
Setup Constraint : +INF
Path slack       : +INF

End-of-path required time (ps)           +INF

Launch Clock Arrival Time (DEFAULT:R#0)      0
+ Launch Clock Source Latency                0
+ Input Delay                                0
+ Data Path Delay                         7472
---------------------------------------   ---- 
End-of-path arrival time (ps)             7472
 
Data path
pin name                             model name                 delay  cumulative delay  slack  edge  Fanout
-----------------------------------  -------------------------  -----  ----------------  -----  ----  ------
i_Switch_2                           Switches_to_LEDs               0                 0   +INF  RISE       1
i_Switch_2_ibuf_iopad/PACKAGEPIN:in  IO_PAD                         0                 0   +INF  RISE       1
i_Switch_2_ibuf_iopad/DOUT           IO_PAD                       510               510   +INF  RISE       1
i_Switch_2_ibuf_preio/PADIN          PRE_IO_PIN_TYPE_000001         0               510   +INF  RISE       1
i_Switch_2_ibuf_preio/DIN0           PRE_IO_PIN_TYPE_000001       463               973   +INF  FALL       1
I__39/I                              LocalMux                       0               973   +INF  FALL       1
I__39/O                              LocalMux                     309              1281   +INF  FALL       1
I__40/I                              InMux                          0              1281   +INF  FALL       1
I__40/O                              InMux                        217              1499   +INF  FALL       1
o_LED_2_obuf_RNO_LC_12_8_1/in3       LogicCell40_SEQ_MODE_0000      0              1499   +INF  FALL       1
o_LED_2_obuf_RNO_LC_12_8_1/lcout     LogicCell40_SEQ_MODE_0000    288              1786   +INF  FALL       1
I__34/I                              Odrv4                          0              1786   +INF  FALL       1
I__34/O                              Odrv4                        372              2158   +INF  FALL       1
I__35/I                              Span4Mux_s0_h                  0              2158   +INF  FALL       1
I__35/O                              Span4Mux_s0_h                140              2298   +INF  FALL       1
I__36/I                              IoSpan4Mux                     0              2298   +INF  FALL       1
I__36/O                              IoSpan4Mux                   323              2621   +INF  FALL       1
I__37/I                              LocalMux                       0              2621   +INF  FALL       1
I__37/O                              LocalMux                     309              2930   +INF  FALL       1
I__38/I                              IoInMux                        0              2930   +INF  FALL       1
I__38/O                              IoInMux                      217              3147   +INF  FALL       1
o_LED_2_obuf_preio/DOUT0             PRE_IO_PIN_TYPE_011001         0              3147   +INF  FALL       1
o_LED_2_obuf_preio/PADOUT            PRE_IO_PIN_TYPE_011001      2237              5384   +INF  FALL       1
o_LED_2_obuf_iopad/DIN               IO_PAD                         0              5384   +INF  FALL       1
o_LED_2_obuf_iopad/PACKAGEPIN:out    IO_PAD                      2088              7472   +INF  FALL       1
o_LED_2                              Switches_to_LEDs               0              7472   +INF  FALL       1


++++ Path 4 ++++++++++++++++++++++++++++++++++++++++++++++++++++++++++ 

Path Begin       : i_Switch_4
Path End         : o_LED_4
Setup Constraint : +INF
Path slack       : +INF

End-of-path required time (ps)           +INF

Launch Clock Arrival Time (DEFAULT:R#0)      0
+ Launch Clock Source Latency                0
+ Input Delay                                0
+ Data Path Delay                         8665
---------------------------------------   ---- 
End-of-path arrival time (ps)             8665
 
Data path
pin name                             model name                 delay  cumulative delay  slack  edge  Fanout
-----------------------------------  -------------------------  -----  ----------------  -----  ----  ------
i_Switch_4                           Switches_to_LEDs               0                 0   +INF  RISE       1
i_Switch_4_ibuf_iopad/PACKAGEPIN:in  IO_PAD                         0                 0   +INF  RISE       1
i_Switch_4_ibuf_iopad/DOUT           IO_PAD                       510               510   +INF  RISE       1
i_Switch_4_ibuf_preio/PADIN          PRE_IO_PIN_TYPE_000001         0               510   +INF  RISE       1
i_Switch_4_ibuf_preio/DIN0           PRE_IO_PIN_TYPE_000001       463               973   +INF  FALL       1
I__20/I                              Odrv4                          0               973   +INF  FALL       1
I__20/O                              Odrv4                        372              1345   +INF  FALL       1
I__21/I                              Span4Mux_v                     0              1345   +INF  FALL       1
I__21/O                              Span4Mux_v                   372              1716   +INF  FALL       1
I__22/I                              Span4Mux_v                     0              1716   +INF  FALL       1
I__22/O                              Span4Mux_v                   372              2088   +INF  FALL       1
I__23/I                              LocalMux                       0              2088   +INF  FALL       1
I__23/O                              LocalMux                     309              2397   +INF  FALL       1
I__24/I                              InMux                          0              2397   +INF  FALL       1
I__24/O                              InMux                        217              2614   +INF  FALL       1
o_LED_4_obuf_RNO_LC_12_8_3/in3       LogicCell40_SEQ_MODE_0000      0              2614   +INF  FALL       1
o_LED_4_obuf_RNO_LC_12_8_3/lcout     LogicCell40_SEQ_MODE_0000    288              2902   +INF  FALL       1
I__15/I                              Odrv4                          0              2902   +INF  FALL       1
I__15/O                              Odrv4                        372              3273   +INF  FALL       1
I__16/I                              Span4Mux_v                     0              3273   +INF  FALL       1
I__16/O                              Span4Mux_v                   372              3645   +INF  FALL       1
I__17/I                              Span4Mux_s1_h                  0              3645   +INF  FALL       1
I__17/O                              Span4Mux_s1_h                168              3813   +INF  FALL       1
I__18/I                              LocalMux                       0              3813   +INF  FALL       1
I__18/O                              LocalMux                     309              4122   +INF  FALL       1
I__19/I                              IoInMux                        0              4122   +INF  FALL       1
I__19/O                              IoInMux                      217              4339   +INF  FALL       1
o_LED_4_obuf_preio/DOUT0             PRE_IO_PIN_TYPE_011001         0              4339   +INF  FALL       1
o_LED_4_obuf_preio/PADOUT            PRE_IO_PIN_TYPE_011001      2237              6577   +INF  FALL       1
o_LED_4_obuf_iopad/DIN               IO_PAD                         0              6577   +INF  FALL       1
o_LED_4_obuf_iopad/PACKAGEPIN:out    IO_PAD                      2088              8665   +INF  FALL       1
o_LED_4                              Switches_to_LEDs               0              8665   +INF  FALL       1

===================================================================== 
                    End of Detailed Setup Report for all timing paths 
##################################################################### 

##################################################################### 
                    Detailed Hold Report for all timing paths 
===================================================================== 

++++ Path 1 ++++++++++++++++++++++++++++++++++++++++++++++++++++++++++ 

Path Begin       : i_Switch_1
Path End         : o_LED_1
Hold Constraint  : -INF
Path slack       : +INF

End-of-path required time (ps)           +INF

Launch Clock Arrival Time (DEFAULT:R#0)      0
+ Launch Clock Source Latency                0
+ Input Delay                                0
+ Data Path Delay                         7907
---------------------------------------   ---- 
End-of-path arrival time (ps)             7907
 
Data path
pin name                             model name                 delay  cumulative delay  slack  edge  Fanout
-----------------------------------  -------------------------  -----  ----------------  -----  ----  ------
i_Switch_1                           Switches_to_LEDs               0                 0   +INF  RISE       1
i_Switch_1_ibuf_iopad/PACKAGEPIN:in  IO_PAD                         0                 0   +INF  RISE       1
i_Switch_1_ibuf_iopad/DOUT           IO_PAD                       510               510   +INF  RISE       1
i_Switch_1_ibuf_preio/PADIN          PRE_IO_PIN_TYPE_000001         0               510   +INF  RISE       1
i_Switch_1_ibuf_preio/DIN0           PRE_IO_PIN_TYPE_000001       463               973   +INF  FALL       1
I__47/I                              LocalMux                       0               973   +INF  FALL       1
I__47/O                              LocalMux                     309              1281   +INF  FALL       1
I__48/I                              InMux                          0              1281   +INF  FALL       1
I__48/O                              InMux                        217              1499   +INF  FALL       1
o_LED_1_obuf_RNO_LC_12_8_0/in3       LogicCell40_SEQ_MODE_0000      0              1499   +INF  FALL       1
o_LED_1_obuf_RNO_LC_12_8_0/lcout     LogicCell40_SEQ_MODE_0000    288              1786   +INF  FALL       1
I__41/I                              Odrv4                          0              1786   +INF  FALL       1
I__41/O                              Odrv4                        372              2158   +INF  FALL       1
I__42/I                              Span4Mux_v                     0              2158   +INF  FALL       1
I__42/O                              Span4Mux_v                   372              2530   +INF  FALL       1
I__43/I                              Span4Mux_s2_h                  0              2530   +INF  FALL       1
I__43/O                              Span4Mux_s2_h                203              2733   +INF  FALL       1
I__44/I                              IoSpan4Mux                     0              2733   +INF  FALL       1
I__44/O                              IoSpan4Mux                   323              3056   +INF  FALL       1
I__45/I                              LocalMux                       0              3056   +INF  FALL       1
I__45/O                              LocalMux                     309              3364   +INF  FALL       1
I__46/I                              IoInMux                        0              3364   +INF  FALL       1
I__46/O                              IoInMux                      217              3582   +INF  FALL       1
o_LED_1_obuf_preio/DOUT0             PRE_IO_PIN_TYPE_011001         0              3582   +INF  FALL       1
o_LED_1_obuf_preio/PADOUT            PRE_IO_PIN_TYPE_011001      2237              5819   +INF  FALL       1
o_LED_1_obuf_iopad/DIN               IO_PAD                         0              5819   +INF  FALL       1
o_LED_1_obuf_iopad/PACKAGEPIN:out    IO_PAD                      2088              7907   +INF  FALL       1
o_LED_1                              Switches_to_LEDs               0              7907   +INF  FALL       1


++++ Path 2 ++++++++++++++++++++++++++++++++++++++++++++++++++++++++++ 

Path Begin       : i_Switch_3
Path End         : o_LED_3
Hold Constraint  : -INF
Path slack       : +INF

End-of-path required time (ps)           +INF

Launch Clock Arrival Time (DEFAULT:R#0)      0
+ Launch Clock Source Latency                0
+ Input Delay                                0
+ Data Path Delay                         8293
---------------------------------------   ---- 
End-of-path arrival time (ps)             8293
 
Data path
pin name                             model name                 delay  cumulative delay  slack  edge  Fanout
-----------------------------------  -------------------------  -----  ----------------  -----  ----  ------
i_Switch_3                           Switches_to_LEDs               0                 0   +INF  RISE       1
i_Switch_3_ibuf_iopad/PACKAGEPIN:in  IO_PAD                         0                 0   +INF  RISE       1
i_Switch_3_ibuf_iopad/DOUT           IO_PAD                       510               510   +INF  RISE       1
i_Switch_3_ibuf_preio/PADIN          PRE_IO_PIN_TYPE_000001         0               510   +INF  RISE       1
i_Switch_3_ibuf_preio/DIN0           PRE_IO_PIN_TYPE_000001       463               973   +INF  FALL       1
I__30/I                              Odrv4                          0               973   +INF  FALL       1
I__30/O                              Odrv4                        372              1345   +INF  FALL       1
I__31/I                              Span4Mux_v                     0              1345   +INF  FALL       1
I__31/O                              Span4Mux_v                   372              1716   +INF  FALL       1
I__32/I                              LocalMux                       0              1716   +INF  FALL       1
I__32/O                              LocalMux                     309              2025   +INF  FALL       1
I__33/I                              InMux                          0              2025   +INF  FALL       1
I__33/O                              InMux                        217              2242   +INF  FALL       1
o_LED_3_obuf_RNO_LC_12_8_2/in3       LogicCell40_SEQ_MODE_0000      0              2242   +INF  FALL       1
o_LED_3_obuf_RNO_LC_12_8_2/lcout     LogicCell40_SEQ_MODE_0000    288              2530   +INF  FALL       1
I__25/I                              Odrv4                          0              2530   +INF  FALL       1
I__25/O                              Odrv4                        372              2902   +INF  FALL       1
I__26/I                              Span4Mux_v                     0              2902   +INF  FALL       1
I__26/O                              Span4Mux_v                   372              3273   +INF  FALL       1
I__27/I                              Span4Mux_s1_h                  0              3273   +INF  FALL       1
I__27/O                              Span4Mux_s1_h                168              3442   +INF  FALL       1
I__28/I                              LocalMux                       0              3442   +INF  FALL       1
I__28/O                              LocalMux                     309              3750   +INF  FALL       1
I__29/I                              IoInMux                        0              3750   +INF  FALL       1
I__29/O                              IoInMux                      217              3968   +INF  FALL       1
o_LED_3_obuf_preio/DOUT0             PRE_IO_PIN_TYPE_011001         0              3968   +INF  FALL       1
o_LED_3_obuf_preio/PADOUT            PRE_IO_PIN_TYPE_011001      2237              6205   +INF  FALL       1
o_LED_3_obuf_iopad/DIN               IO_PAD                         0              6205   +INF  FALL       1
o_LED_3_obuf_iopad/PACKAGEPIN:out    IO_PAD                      2088              8293   +INF  FALL       1
o_LED_3                              Switches_to_LEDs               0              8293   +INF  FALL       1


++++ Path 3 ++++++++++++++++++++++++++++++++++++++++++++++++++++++++++ 

Path Begin       : i_Switch_2
Path End         : o_LED_2
Hold Constraint  : -INF
Path slack       : +INF

End-of-path required time (ps)           +INF

Launch Clock Arrival Time (DEFAULT:R#0)      0
+ Launch Clock Source Latency                0
+ Input Delay                                0
+ Data Path Delay                         7472
---------------------------------------   ---- 
End-of-path arrival time (ps)             7472
 
Data path
pin name                             model name                 delay  cumulative delay  slack  edge  Fanout
-----------------------------------  -------------------------  -----  ----------------  -----  ----  ------
i_Switch_2                           Switches_to_LEDs               0                 0   +INF  RISE       1
i_Switch_2_ibuf_iopad/PACKAGEPIN:in  IO_PAD                         0                 0   +INF  RISE       1
i_Switch_2_ibuf_iopad/DOUT           IO_PAD                       510               510   +INF  RISE       1
i_Switch_2_ibuf_preio/PADIN          PRE_IO_PIN_TYPE_000001         0               510   +INF  RISE       1
i_Switch_2_ibuf_preio/DIN0           PRE_IO_PIN_TYPE_000001       463               973   +INF  FALL       1
I__39/I                              LocalMux                       0               973   +INF  FALL       1
I__39/O                              LocalMux                     309              1281   +INF  FALL       1
I__40/I                              InMux                          0              1281   +INF  FALL       1
I__40/O                              InMux                        217              1499   +INF  FALL       1
o_LED_2_obuf_RNO_LC_12_8_1/in3       LogicCell40_SEQ_MODE_0000      0              1499   +INF  FALL       1
o_LED_2_obuf_RNO_LC_12_8_1/lcout     LogicCell40_SEQ_MODE_0000    288              1786   +INF  FALL       1
I__34/I                              Odrv4                          0              1786   +INF  FALL       1
I__34/O                              Odrv4                        372              2158   +INF  FALL       1
I__35/I                              Span4Mux_s0_h                  0              2158   +INF  FALL       1
I__35/O                              Span4Mux_s0_h                140              2298   +INF  FALL       1
I__36/I                              IoSpan4Mux                     0              2298   +INF  FALL       1
I__36/O                              IoSpan4Mux                   323              2621   +INF  FALL       1
I__37/I                              LocalMux                       0              2621   +INF  FALL       1
I__37/O                              LocalMux                     309              2930   +INF  FALL       1
I__38/I                              IoInMux                        0              2930   +INF  FALL       1
I__38/O                              IoInMux                      217              3147   +INF  FALL       1
o_LED_2_obuf_preio/DOUT0             PRE_IO_PIN_TYPE_011001         0              3147   +INF  FALL       1
o_LED_2_obuf_preio/PADOUT            PRE_IO_PIN_TYPE_011001      2237              5384   +INF  FALL       1
o_LED_2_obuf_iopad/DIN               IO_PAD                         0              5384   +INF  FALL       1
o_LED_2_obuf_iopad/PACKAGEPIN:out    IO_PAD                      2088              7472   +INF  FALL       1
o_LED_2                              Switches_to_LEDs               0              7472   +INF  FALL       1


++++ Path 4 ++++++++++++++++++++++++++++++++++++++++++++++++++++++++++ 

Path Begin       : i_Switch_4
Path End         : o_LED_4
Hold Constraint  : -INF
Path slack       : +INF

End-of-path required time (ps)           +INF

Launch Clock Arrival Time (DEFAULT:R#0)      0
+ Launch Clock Source Latency                0
+ Input Delay                                0
+ Data Path Delay                         8665
---------------------------------------   ---- 
End-of-path arrival time (ps)             8665
 
Data path
pin name                             model name                 delay  cumulative delay  slack  edge  Fanout
-----------------------------------  -------------------------  -----  ----------------  -----  ----  ------
i_Switch_4                           Switches_to_LEDs               0                 0   +INF  RISE       1
i_Switch_4_ibuf_iopad/PACKAGEPIN:in  IO_PAD                         0                 0   +INF  RISE       1
i_Switch_4_ibuf_iopad/DOUT           IO_PAD                       510               510   +INF  RISE       1
i_Switch_4_ibuf_preio/PADIN          PRE_IO_PIN_TYPE_000001         0               510   +INF  RISE       1
i_Switch_4_ibuf_preio/DIN0           PRE_IO_PIN_TYPE_000001       463               973   +INF  FALL       1
I__20/I                              Odrv4                          0               973   +INF  FALL       1
I__20/O                              Odrv4                        372              1345   +INF  FALL       1
I__21/I                              Span4Mux_v                     0              1345   +INF  FALL       1
I__21/O                              Span4Mux_v                   372              1716   +INF  FALL       1
I__22/I                              Span4Mux_v                     0              1716   +INF  FALL       1
I__22/O                              Span4Mux_v                   372              2088   +INF  FALL       1
I__23/I                              LocalMux                       0              2088   +INF  FALL       1
I__23/O                              LocalMux                     309              2397   +INF  FALL       1
I__24/I                              InMux                          0              2397   +INF  FALL       1
I__24/O                              InMux                        217              2614   +INF  FALL       1
o_LED_4_obuf_RNO_LC_12_8_3/in3       LogicCell40_SEQ_MODE_0000      0              2614   +INF  FALL       1
o_LED_4_obuf_RNO_LC_12_8_3/lcout     LogicCell40_SEQ_MODE_0000    288              2902   +INF  FALL       1
I__15/I                              Odrv4                          0              2902   +INF  FALL       1
I__15/O                              Odrv4                        372              3273   +INF  FALL       1
I__16/I                              Span4Mux_v                     0              3273   +INF  FALL       1
I__16/O                              Span4Mux_v                   372              3645   +INF  FALL       1
I__17/I                              Span4Mux_s1_h                  0              3645   +INF  FALL       1
I__17/O                              Span4Mux_s1_h                168              3813   +INF  FALL       1
I__18/I                              LocalMux                       0              3813   +INF  FALL       1
I__18/O                              LocalMux                     309              4122   +INF  FALL       1
I__19/I                              IoInMux                        0              4122   +INF  FALL       1
I__19/O                              IoInMux                      217              4339   +INF  FALL       1
o_LED_4_obuf_preio/DOUT0             PRE_IO_PIN_TYPE_011001         0              4339   +INF  FALL       1
o_LED_4_obuf_preio/PADOUT            PRE_IO_PIN_TYPE_011001      2237              6577   +INF  FALL       1
o_LED_4_obuf_iopad/DIN               IO_PAD                         0              6577   +INF  FALL       1
o_LED_4_obuf_iopad/PACKAGEPIN:out    IO_PAD                      2088              8665   +INF  FALL       1
o_LED_4                              Switches_to_LEDs               0              8665   +INF  FALL       1

===================================================================== 
                    End of Detailed Hold Report for all timing paths 
##################################################################### 

##################################################################### 
                    End of Timing Report 
##################################################################### 

