* ******************************************************************************

* iCEcube Report

* Version:            2020.12.27943

* Build Date:         Dec  9 2020 17:31:51

* File Generated:     May 14 2024 03:00:15

* Purpose:            General info of design implementation

* Copyright (C) 2006-2010 by Lattice Semiconductor Corp. All rights reserved.

* ******************************************************************************

Synthesis/Placement Summary:
----------------------------
    Status:  Successful
    Runtime: 0 seconds

Device Info:
------------
    Device Family: iCE40
    Device:        iCE40HX1K
    Package:       TQ144

Design statistics:
------------------
    FFs:                  0
    LUTs:                 4
    RAMs:                 0
    IOBs:                 8
    GBs:                  0
    PLLs:                 0
    Warm Boots:           0

Logic Resource Utilization:
---------------------------
    Total Logic Cells: 4/1280
        Combinational Logic Cells: 4        out of   1280      0.3125%
        Sequential Logic Cells:    0        out of   1280      0%
        Logic Tiles:               1        out of   160       0.625%
    Registers: 
        Logic Registers:           0        out of   1280      0%
        IO Registers:              0        out of   560       0
    Block RAMs:                    0        out of   16        0%
    Warm Boots:                    0        out of   1         0%
    Pins:
        Input Pins:                4        out of   96        4.16667%
        Output Pins:               4        out of   96        4.16667%
        InOut Pins:                0        out of   96        0%
    Global Buffers:                0        out of   8         0%
    PLLs:                          0        out of   1         0%

IO Bank Utilization:
--------------------
    Bank 3: 0        out of   24        0%
    Bank 1: 8        out of   25        32%
    Bank 0: 0        out of   23        0%
    Bank 2: 0        out of   24        0%

Detailed I/O Info:
------------------
    Input Pins: 
    Pin Number  Direction  IO Standard  Pull Up  IO Bank  IO Function    Signal Name 
    ----------  ---------  -----------  -------  -------  -----------    ----------- 
    78          Input      SB_LVCMOS    No       1        Simple Input   i_Switch_4  
    79          Input      SB_LVCMOS    No       1        Simple Input   i_Switch_3  
    90          Input      SB_LVCMOS    No       1        Simple Input   i_Switch_2  
    91          Input      SB_LVCMOS    No       1        Simple Input   i_Switch_1  

    Output Pins: 
    Pin Number  Direction  IO Standard  Pull Up  IO Bank  IO Function    Signal Name 
    ----------  ---------  -----------  -------  -------  -----------    ----------- 
    96          Output     SB_LVCMOS    No       1        Simple Output  o_LED_1     
    97          Output     SB_LVCMOS    No       1        Simple Output  o_LED_2     
    98          Output     SB_LVCMOS    No       1        Simple Output  o_LED_3     
    99          Output     SB_LVCMOS    No       1        Simple Output  o_LED_4     



Router Summary:
---------------
    Status:  Successful
    Runtime: 2 seconds

Routing Resource Utilization:
-----------------------------
              Local line of tile       24 out of  28666      0.0837229%
                          Span 4       18 out of   6944      0.259217%
      Vertical Inter-LUT Connect        0 out of   1120      0%

